<!-- IF language -->
There is language
<!-- ENDIF language -->

<!-- BEGIN animals -->
Animal
<!-- END animals -->