LOREM IPSUM DOLAR SIT AMET

LOREM IPSUM DOLAR SIT AMET



The first five letters are: a, b, c, d, e

It's odd.