Cannot speak
Cannot speak
Cannot speak
Can speak

I HATE YOU!
a b c

Falsy

Falsy
