()

(12345)

(  )

(\ " )

('sdgfhjaghjk')

(cl)

([a, b, c, true])

(top line
second line
third line)
